// Vitest Snapshot v1, https://vitest.dev/guide/snapshot.html

exports[`all registered themes render the complete fixture > matches the recorded section-coverage snapshot 1`] = `
{
  "academic-cv-lite": {
    "awards": true,
    "basics": true,
    "certificates": true,
    "education": true,
    "interests": true,
    "languages": true,
    "projects": true,
    "publications": true,
    "references": true,
    "skills": true,
    "volunteer": true,
    "work": true,
  },
  "architects-portfolio": {
    "awards": true,
    "basics": true,
    "certificates": true,
    "education": true,
    "interests": true,
    "languages": true,
    "projects": true,
    "publications": true,
    "references": true,
    "skills": true,
    "volunteer": true,
    "work": true,
  },
  "asymmetric-timeline": {
    "awards": true,
    "basics": true,
    "certificates": true,
    "education": true,
    "interests": true,
    "languages": true,
    "projects": true,
    "publications": true,
    "references": true,
    "skills": true,
    "volunteer": true,
    "work": true,
  },
  "berlin-grid": {
    "awards": true,
    "basics": true,
    "certificates": true,
    "education": true,
    "interests": true,
    "languages": true,
    "projects": true,
    "publications": true,
    "references": true,
    "skills": true,
    "volunteer": true,
    "work": true,
  },
  "bold-header-statement": {
    "awards": true,
    "basics": true,
    "certificates": true,
    "education": true,
    "interests": false,
    "languages": true,
    "projects": true,
    "publications": true,
    "references": true,
    "skills": true,
    "volunteer": true,
    "work": true,
  },
  "californian-warm": {
    "awards": true,
    "basics": true,
    "certificates": true,
    "education": true,
    "interests": true,
    "languages": true,
    "projects": true,
    "publications": true,
    "references": true,
    "skills": true,
    "volunteer": true,
    "work": true,
  },
  "claude": {
    "awards": true,
    "basics": true,
    "certificates": true,
    "education": true,
    "interests": false,
    "languages": true,
    "projects": true,
    "publications": true,
    "references": true,
    "skills": true,
    "volunteer": true,
    "work": true,
  },
  "coastal-creative": {
    "awards": true,
    "basics": true,
    "certificates": true,
    "education": true,
    "interests": false,
    "languages": true,
    "projects": true,
    "publications": true,
    "references": true,
    "skills": true,
    "volunteer": true,
    "work": true,
  },
  "colophon": {
    "awards": true,
    "basics": true,
    "certificates": true,
    "education": true,
    "interests": true,
    "languages": true,
    "projects": true,
    "publications": true,
    "references": true,
    "skills": true,
    "volunteer": true,
    "work": true,
  },
  "community-garden": {
    "awards": true,
    "basics": true,
    "certificates": true,
    "education": true,
    "interests": false,
    "languages": true,
    "projects": true,
    "publications": true,
    "references": true,
    "skills": true,
    "volunteer": true,
    "work": true,
  },
  "consultant-polished": {
    "awards": true,
    "basics": true,
    "certificates": true,
    "education": true,
    "interests": true,
    "languages": true,
    "projects": true,
    "publications": true,
    "references": true,
    "skills": true,
    "volunteer": true,
    "work": true,
  },
  "creative-confidence": {
    "awards": true,
    "basics": true,
    "certificates": true,
    "education": true,
    "interests": true,
    "languages": true,
    "projects": true,
    "publications": true,
    "references": true,
    "skills": true,
    "volunteer": true,
    "work": true,
  },
  "creative-studio": {
    "awards": true,
    "basics": true,
    "certificates": true,
    "education": true,
    "interests": true,
    "languages": true,
    "projects": true,
    "publications": true,
    "references": true,
    "skills": true,
    "volunteer": true,
    "work": true,
  },
  "data-driven": {
    "awards": true,
    "basics": true,
    "certificates": true,
    "education": true,
    "interests": false,
    "languages": true,
    "projects": true,
    "publications": true,
    "references": true,
    "skills": true,
    "volunteer": true,
    "work": true,
  },
  "developer-mono": {
    "awards": true,
    "basics": true,
    "certificates": true,
    "education": true,
    "interests": false,
    "languages": true,
    "projects": true,
    "publications": true,
    "references": true,
    "skills": true,
    "volunteer": true,
    "work": true,
  },
  "diagonal-accent-bar": {
    "awards": true,
    "basics": true,
    "certificates": true,
    "education": true,
    "interests": true,
    "languages": true,
    "projects": true,
    "publications": true,
    "references": true,
    "skills": true,
    "volunteer": true,
    "work": true,
  },
  "elegant": {
    "awards": true,
    "basics": true,
    "certificates": true,
    "education": true,
    "interests": true,
    "languages": true,
    "projects": true,
    "publications": true,
    "references": true,
    "skills": true,
    "volunteer": true,
    "work": true,
  },
  "even": {
    "awards": true,
    "basics": true,
    "certificates": true,
    "education": true,
    "interests": true,
    "languages": true,
    "projects": true,
    "publications": true,
    "references": true,
    "skills": true,
    "volunteer": true,
    "work": true,
  },
  "executive-slate": {
    "awards": true,
    "basics": true,
    "certificates": true,
    "education": true,
    "interests": false,
    "languages": true,
    "projects": true,
    "publications": true,
    "references": true,
    "skills": true,
    "volunteer": true,
    "work": true,
  },
  "field-researcher": {
    "awards": true,
    "basics": true,
    "certificates": true,
    "education": true,
    "interests": true,
    "languages": true,
    "projects": true,
    "publications": true,
    "references": true,
    "skills": true,
    "volunteer": true,
    "work": true,
  },
  "flat": {
    "awards": true,
    "basics": true,
    "certificates": true,
    "education": true,
    "interests": true,
    "languages": true,
    "projects": true,
    "publications": true,
    "references": true,
    "skills": true,
    "volunteer": true,
    "work": true,
  },
  "french-atelier": {
    "awards": true,
    "basics": true,
    "certificates": true,
    "education": true,
    "interests": true,
    "languages": true,
    "projects": true,
    "publications": true,
    "references": true,
    "skills": true,
    "volunteer": true,
    "work": true,
  },
  "government-standard": {
    "awards": true,
    "basics": true,
    "certificates": true,
    "education": true,
    "interests": true,
    "languages": true,
    "projects": true,
    "publications": true,
    "references": true,
    "skills": true,
    "volunteer": true,
    "work": true,
  },
  "graph-paper-grid": {
    "awards": true,
    "basics": true,
    "certificates": true,
    "education": true,
    "interests": false,
    "languages": true,
    "projects": true,
    "publications": true,
    "references": true,
    "skills": true,
    "volunteer": true,
    "work": true,
  },
  "investor-brief": {
    "awards": true,
    "basics": true,
    "certificates": true,
    "education": true,
    "interests": false,
    "languages": true,
    "projects": true,
    "publications": true,
    "references": true,
    "skills": true,
    "volunteer": true,
    "work": true,
  },
  "jacrys": {
    "awards": true,
    "basics": true,
    "certificates": false,
    "education": true,
    "interests": true,
    "languages": false,
    "projects": true,
    "publications": true,
    "references": true,
    "skills": true,
    "volunteer": true,
    "work": true,
  },
  "kendall": {
    "awards": true,
    "basics": true,
    "certificates": false,
    "education": true,
    "interests": true,
    "languages": false,
    "projects": true,
    "publications": true,
    "references": true,
    "skills": true,
    "volunteer": true,
    "work": true,
  },
  "london-bureau": {
    "awards": true,
    "basics": true,
    "certificates": true,
    "education": true,
    "interests": true,
    "languages": true,
    "projects": true,
    "publications": true,
    "references": true,
    "skills": true,
    "volunteer": true,
    "work": true,
  },
  "marketing-narrative": {
    "awards": true,
    "basics": true,
    "certificates": true,
    "education": true,
    "interests": true,
    "languages": true,
    "projects": true,
    "publications": true,
    "references": true,
    "skills": true,
    "volunteer": true,
    "work": true,
  },
  "mid-century-resume": {
    "awards": true,
    "basics": true,
    "certificates": true,
    "education": true,
    "interests": true,
    "languages": true,
    "projects": true,
    "publications": true,
    "references": true,
    "skills": true,
    "volunteer": true,
    "work": true,
  },
  "minimalist-grid": {
    "awards": true,
    "basics": true,
    "certificates": true,
    "education": true,
    "interests": false,
    "languages": true,
    "projects": true,
    "publications": true,
    "references": true,
    "skills": true,
    "volunteer": true,
    "work": true,
  },
  "modern-classic": {
    "awards": true,
    "basics": true,
    "certificates": true,
    "education": true,
    "interests": true,
    "languages": true,
    "projects": true,
    "publications": true,
    "references": true,
    "skills": true,
    "volunteer": true,
    "work": true,
  },
  "monochrome-noir": {
    "awards": true,
    "basics": true,
    "certificates": true,
    "education": true,
    "interests": false,
    "languages": true,
    "projects": true,
    "publications": true,
    "references": true,
    "skills": true,
    "volunteer": true,
    "work": true,
  },
  "new-york-editorial": {
    "awards": true,
    "basics": true,
    "certificates": true,
    "education": true,
    "interests": true,
    "languages": true,
    "projects": true,
    "publications": true,
    "references": true,
    "skills": true,
    "volunteer": true,
    "work": true,
  },
  "nordic-minimal": {
    "awards": true,
    "basics": true,
    "certificates": true,
    "education": true,
    "interests": false,
    "languages": true,
    "projects": true,
    "publications": true,
    "references": true,
    "skills": true,
    "volunteer": true,
    "work": true,
  },
  "operations-precision": {
    "awards": true,
    "basics": true,
    "certificates": true,
    "education": true,
    "interests": true,
    "languages": true,
    "projects": true,
    "publications": true,
    "references": true,
    "skills": true,
    "volunteer": true,
    "work": true,
  },
  "pacific-horizon": {
    "awards": true,
    "basics": true,
    "certificates": true,
    "education": true,
    "interests": true,
    "languages": true,
    "projects": true,
    "publications": true,
    "references": true,
    "skills": true,
    "volunteer": true,
    "work": true,
  },
  "product-manager-canvas": {
    "awards": true,
    "basics": true,
    "certificates": true,
    "education": true,
    "interests": false,
    "languages": true,
    "projects": true,
    "publications": true,
    "references": true,
    "skills": true,
    "volunteer": true,
    "work": true,
  },
  "professional": {
    "awards": true,
    "basics": true,
    "certificates": true,
    "education": true,
    "interests": true,
    "languages": true,
    "projects": true,
    "publications": true,
    "references": true,
    "skills": true,
    "volunteer": true,
    "work": true,
  },
  "reference": {
    "awards": true,
    "basics": true,
    "certificates": true,
    "education": true,
    "interests": true,
    "languages": true,
    "projects": true,
    "publications": true,
    "references": true,
    "skills": true,
    "volunteer": true,
    "work": true,
  },
  "rickosborne": {
    "awards": true,
    "basics": true,
    "certificates": true,
    "education": true,
    "interests": true,
    "languages": true,
    "projects": true,
    "publications": true,
    "references": true,
    "skills": true,
    "volunteer": true,
    "work": true,
  },
  "sales-hunter": {
    "awards": true,
    "basics": true,
    "certificates": true,
    "education": true,
    "interests": true,
    "languages": true,
    "projects": true,
    "publications": true,
    "references": true,
    "skills": true,
    "volunteer": true,
    "work": true,
  },
  "sidebar": {
    "awards": true,
    "basics": true,
    "certificates": true,
    "education": true,
    "interests": false,
    "languages": true,
    "projects": true,
    "publications": true,
    "references": true,
    "skills": true,
    "volunteer": true,
    "work": true,
  },
  "sidebar-photo-strip": {
    "awards": true,
    "basics": true,
    "certificates": true,
    "education": true,
    "interests": true,
    "languages": true,
    "projects": true,
    "publications": true,
    "references": true,
    "skills": true,
    "volunteer": true,
    "work": true,
  },
  "stackoverflow": {
    "awards": true,
    "basics": true,
    "certificates": true,
    "education": true,
    "interests": true,
    "languages": true,
    "projects": true,
    "publications": true,
    "references": true,
    "skills": true,
    "volunteer": true,
    "work": true,
  },
  "tan-responsive": {
    "awards": false,
    "basics": true,
    "certificates": true,
    "education": true,
    "interests": false,
    "languages": false,
    "projects": true,
    "publications": false,
    "references": false,
    "skills": true,
    "volunteer": false,
    "work": true,
  },
  "two-column-modernist": {
    "awards": true,
    "basics": true,
    "certificates": true,
    "education": true,
    "interests": false,
    "languages": true,
    "projects": true,
    "publications": true,
    "references": true,
    "skills": true,
    "volunteer": true,
    "work": true,
  },
  "typewriter-modern": {
    "awards": true,
    "basics": true,
    "certificates": true,
    "education": true,
    "interests": true,
    "languages": true,
    "projects": true,
    "publications": true,
    "references": true,
    "skills": true,
    "volunteer": true,
    "work": true,
  },
  "university-first": {
    "awards": true,
    "basics": true,
    "certificates": true,
    "education": true,
    "interests": true,
    "languages": true,
    "projects": true,
    "publications": true,
    "references": true,
    "skills": true,
    "volunteer": true,
    "work": true,
  },
  "urban-techno": {
    "awards": true,
    "basics": true,
    "certificates": true,
    "education": true,
    "interests": false,
    "languages": true,
    "projects": true,
    "publications": true,
    "references": true,
    "skills": true,
    "volunteer": true,
    "work": true,
  },
  "writers-portfolio": {
    "awards": true,
    "basics": true,
    "certificates": true,
    "education": true,
    "interests": true,
    "languages": true,
    "projects": true,
    "publications": true,
    "references": true,
    "skills": true,
    "volunteer": true,
    "work": true,
  },
}
`;
